current directory: /home/sophiane/asso_manager/vendor/bundle/ruby/3.4.0/gems/prism-1.6.0/ext/prism
/home/sophiane/.local/share/mise/installs/ruby/3.4.7/bin/ruby extconf.rb
checking for prism.h in /home/sophiane/asso_manager/vendor/bundle/ruby/3.4.0/gems/prism-1.6.0/include... yes
checking for prism/extension.h in /home/sophiane/asso_manager/vendor/bundle/ruby/3.4.0/gems/prism-1.6.0/ext... yes
checking for whether -fvisibility=hidden is accepted as CFLAGS... yes
creating Makefile

current directory: /home/sophiane/asso_manager/vendor/bundle/ruby/3.4.0/gems/prism-1.6.0/ext/prism
make DESTDIR\= sitearchdir\=./.gem.20251221-113824-e5bxvq sitelibdir\=./.gem.20251221-113824-e5bxvq clean

current directory: /home/sophiane/asso_manager/vendor/bundle/ruby/3.4.0/gems/prism-1.6.0/ext/prism
make DESTDIR\= sitearchdir\=./.gem.20251221-113824-e5bxvq sitelibdir\=./.gem.20251221-113824-e5bxvq
compiling api_node.c
compiling api_pack.c
compiling extension.c
compiling ./../../src/diagnostic.c
compiling ./../../src/encoding.c
compiling ./../../src/node.c
compiling ./../../src/options.c
compiling ./../../src/pack.c
compiling ./../../src/prettyprint.c
compiling ./../../src/prism.c
compiling ./../../src/regexp.c
compiling ./../../src/serialize.c
compiling ./../../src/static_literals.c
compiling ./../../src/token_type.c
compiling ./../../src/util/pm_buffer.c
compiling ./../../src/util/pm_char.c
compiling ./../../src/util/pm_constant_pool.c
compiling ./../../src/util/pm_integer.c
compiling ./../../src/util/pm_list.c
compiling ./../../src/util/pm_memchr.c
compiling ./../../src/util/pm_newline_list.c
compiling ./../../src/util/pm_string.c
compiling ./../../src/util/pm_strncasecmp.c
compiling ./../../src/util/pm_strpbrk.c
linking shared-object prism/prism.so

current directory: /home/sophiane/asso_manager/vendor/bundle/ruby/3.4.0/gems/prism-1.6.0/ext/prism
make DESTDIR\= sitearchdir\=./.gem.20251221-113824-e5bxvq sitelibdir\=./.gem.20251221-113824-e5bxvq install
/usr/bin/install -c -m 0755 prism.so ./.gem.20251221-113824-e5bxvq/prism

current directory: /home/sophiane/asso_manager/vendor/bundle/ruby/3.4.0/gems/prism-1.6.0/ext/prism
make DESTDIR\= sitearchdir\=./.gem.20251221-113824-e5bxvq sitelibdir\=./.gem.20251221-113824-e5bxvq clean
