current directory: /home/sophiane/asso_manager/vendor/bundle/ruby/3.2.0/gems/psych-5.3.0/ext/psych
/usr/bin/ruby3.2 -I/usr/lib/ruby/vendor_ruby extconf.rb
creating Makefile

current directory: /home/sophiane/asso_manager/vendor/bundle/ruby/3.2.0/gems/psych-5.3.0/ext/psych
make DESTDIR\= sitearchdir\=./.gem.20251221-111158-6g4ata sitelibdir\=./.gem.20251221-111158-6g4ata clean
cd libyaml && make clean
/bin/sh: 1: cd: can't cd to libyaml
make: [Makefile:283 : clean-so] Erreur 2 (ignorée)

current directory: /home/sophiane/asso_manager/vendor/bundle/ruby/3.2.0/gems/psych-5.3.0/ext/psych
make DESTDIR\= sitearchdir\=./.gem.20251221-111158-6g4ata sitelibdir\=./.gem.20251221-111158-6g4ata
compiling psych.c
compiling psych_emitter.c
compiling psych_parser.c
compiling psych_to_ruby.c
compiling psych_yaml_tree.c
linking shared-object psych.so

current directory: /home/sophiane/asso_manager/vendor/bundle/ruby/3.2.0/gems/psych-5.3.0/ext/psych
make DESTDIR\= sitearchdir\=./.gem.20251221-111158-6g4ata sitelibdir\=./.gem.20251221-111158-6g4ata install
/usr/bin/install -c -m 0755 psych.so ./.gem.20251221-111158-6g4ata

current directory: /home/sophiane/asso_manager/vendor/bundle/ruby/3.2.0/gems/psych-5.3.0/ext/psych
make DESTDIR\= sitearchdir\=./.gem.20251221-111158-6g4ata sitelibdir\=./.gem.20251221-111158-6g4ata clean
cd libyaml && make clean
/bin/sh: 1: cd: can't cd to libyaml
make: [Makefile:283 : clean-so] Erreur 2 (ignorée)
